// Jest Snapshot v1, https://goo.gl/fbAQLP

exports[`CompleteTodoButton should render correct 1`] = `
<a
  onClick={[Function]}
>
  Complete
</a>
`;
