// Jest Snapshot v1, https://goo.gl/fbAQLP

exports[`ConfirmButton should render correct 1`] = `
<a
  onClick={[Function]}
/>
`;
