// Jest Snapshot v1, https://goo.gl/fbAQLP

exports[`DeleteTodoButton should render correct 1`] = `
<a
  onClick={[Function]}
>
  Delete
</a>
`;
