// Jest Snapshot v1, https://goo.gl/fbAQLP

exports[`FilterButton should render correct 1`] = `
<Button
  ghost={false}
  loading={false}
  onClick={[MockFunction]}
  prefixCls="ant-btn"
>
  filter
</Button>
`;
