// Jest Snapshot v1, https://goo.gl/fbAQLP

exports[`NodeDescription should render correct 1`] = `<noteDescription__NoteDescriptionDiv />`;
