// Jest Snapshot v1, https://goo.gl/fbAQLP

exports[`StickerDescription should render correct 1`] = `<stickerDescription__StickerDescriptionDiv />`;
