// Jest Snapshot v1, https://goo.gl/fbAQLP

exports[`TodosPage should render correct 1`] = `
ShallowWrapper {
  Symbol(enzyme.__root__): [Circular],
  Symbol(enzyme.__unrendered__): <TodosPage />,
  Symbol(enzyme.__renderer__): Object {
    "batchedUpdates": [Function],
    "getNode": [Function],
    "render": [Function],
    "simulateError": [Function],
    "simulateEvent": [Function],
    "unmount": [Function],
  },
  Symbol(enzyme.__node__): Object {
    "instance": null,
    "key": undefined,
    "nodeType": "function",
    "props": Object {
      "children": Array [
        <ForwardRef>
          <ForwardRef />
        </ForwardRef>,
        <ForwardRef>
          <ForwardRef>
            <FilterButton
              onClick={[Function]}
            />
            <Connect(FilterPanel)
              onHidden={[Function]}
              show={false}
            />
          </ForwardRef>
          <ForwardRef>
            <Connect(TodoList) />
          </ForwardRef>
          <ForwardRef
            style={
              Object {
                "display": "inline",
              }
            }
          />
        </ForwardRef>,
      ],
    },
    "ref": null,
    "rendered": Array [
      Object {
        "instance": null,
        "key": undefined,
        "nodeType": "function",
        "props": Object {
          "children": <ForwardRef />,
        },
        "ref": null,
        "rendered": Object {
          "instance": null,
          "key": undefined,
          "nodeType": "function",
          "props": Object {},
          "ref": null,
          "rendered": null,
          "type": Object {
            "$$typeof": Symbol(react.forward_ref),
            "attrs": Array [],
            "componentStyle": ComponentStyle {
              "componentId": "todosPage__AddEventToolButton-sc-2rfgk7-1",
              "isStatic": true,
              "rules": Array [
                "align-self:center;margin-right:10px;",
              ],
            },
            "displayName": "todosPage__AddEventToolButton",
            "foldedComponentIds": Array [],
            "render": [Function],
            "styledComponentId": "todosPage__AddEventToolButton-sc-2rfgk7-1",
            "target": [Function],
            "toString": [Function],
            "warnTooManyClasses": [Function],
            "withComponent": [Function],
            Symbol(Symbol.hasInstance): [Function],
          },
        },
        "type": Object {
          "$$typeof": Symbol(react.forward_ref),
          "attrs": Array [],
          "componentStyle": ComponentStyle {
            "componentId": "todosPage__ToolBar-sc-2rfgk7-2",
            "isStatic": true,
            "rules": Array [
              "grid-area:tool-bar;display:flex;justify-content:flex-end;background-color:#fcfcfc;box-shadow:0px 5px 15px #a5a5a5;",
            ],
          },
          "displayName": "todosPage__ToolBar",
          "foldedComponentIds": Array [],
          "render": [Function],
          "styledComponentId": "todosPage__ToolBar-sc-2rfgk7-2",
          "target": "div",
          "toString": [Function],
          "warnTooManyClasses": [Function],
          "withComponent": [Function],
        },
      },
      Object {
        "instance": null,
        "key": undefined,
        "nodeType": "function",
        "props": Object {
          "children": Array [
            <ForwardRef>
              <FilterButton
                onClick={[Function]}
              />
              <Connect(FilterPanel)
                onHidden={[Function]}
                show={false}
              />
            </ForwardRef>,
            <ForwardRef>
              <Connect(TodoList) />
            </ForwardRef>,
            <ForwardRef
              style={
                Object {
                  "display": "inline",
                }
              }
            />,
          ],
        },
        "ref": null,
        "rendered": Array [
          Object {
            "instance": null,
            "key": undefined,
            "nodeType": "function",
            "props": Object {
              "children": Array [
                <FilterButton
                  onClick={[Function]}
                />,
                <Connect(FilterPanel)
                  onHidden={[Function]}
                  show={false}
                />,
              ],
            },
            "ref": null,
            "rendered": Array [
              Object {
                "instance": null,
                "key": undefined,
                "nodeType": "class",
                "props": Object {
                  "onClick": [Function],
                },
                "ref": null,
                "rendered": null,
                "type": [Function],
              },
              Object {
                "instance": null,
                "key": undefined,
                "nodeType": "class",
                "props": Object {
                  "onHidden": [Function],
                  "show": false,
                },
                "ref": null,
                "rendered": null,
                "type": [Function],
              },
            ],
            "type": Object {
              "$$typeof": Symbol(react.forward_ref),
              "attrs": Array [],
              "componentStyle": ComponentStyle {
                "componentId": "todosPage__FilterButtonDiv-sc-2rfgk7-4",
                "isStatic": true,
                "rules": Array [
                  "grid-area:filterButton;align-self:end;margin-left:10px;",
                ],
              },
              "displayName": "todosPage__FilterButtonDiv",
              "foldedComponentIds": Array [],
              "render": [Function],
              "styledComponentId": "todosPage__FilterButtonDiv-sc-2rfgk7-4",
              "target": "div",
              "toString": [Function],
              "warnTooManyClasses": [Function],
              "withComponent": [Function],
            },
          },
          Object {
            "instance": null,
            "key": undefined,
            "nodeType": "function",
            "props": Object {
              "children": <Connect(TodoList) />,
            },
            "ref": null,
            "rendered": Object {
              "instance": null,
              "key": undefined,
              "nodeType": "class",
              "props": Object {},
              "ref": null,
              "rendered": null,
              "type": [Function],
            },
            "type": Object {
              "$$typeof": Symbol(react.forward_ref),
              "attrs": Array [],
              "componentStyle": ComponentStyle {
                "componentId": "todosPage__TodoListDiv-sc-2rfgk7-5",
                "isStatic": true,
                "rules": Array [
                  "grid-area:listArea;",
                ],
              },
              "displayName": "todosPage__TodoListDiv",
              "foldedComponentIds": Array [],
              "render": [Function],
              "styledComponentId": "todosPage__TodoListDiv-sc-2rfgk7-5",
              "target": "div",
              "toString": [Function],
              "warnTooManyClasses": [Function],
              "withComponent": [Function],
            },
          },
          Object {
            "instance": null,
            "key": undefined,
            "nodeType": "function",
            "props": Object {
              "style": Object {
                "display": "inline",
              },
            },
            "ref": null,
            "rendered": null,
            "type": Object {
              "$$typeof": Symbol(react.forward_ref),
              "WrappedComponent": [Function],
              "attrs": Array [],
              "componentStyle": ComponentStyle {
                "componentId": "todosPage__SortButtonDiv-sc-2rfgk7-6",
                "isStatic": true,
                "rules": Array [
                  "grid-area:sort-btn;justify-self:end;align-self:end;margin-right:10px;",
                ],
              },
              "displayName": "todosPage__SortButtonDiv",
              "foldedComponentIds": Array [],
              "render": [Function],
              "styledComponentId": "todosPage__SortButtonDiv-sc-2rfgk7-6",
              "target": [Function],
              "toString": [Function],
              "warnTooManyClasses": [Function],
              "withComponent": [Function],
              Symbol(Symbol.hasInstance): [Function],
            },
          },
        ],
        "type": Object {
          "$$typeof": Symbol(react.forward_ref),
          "attrs": Array [],
          "componentStyle": ComponentStyle {
            "componentId": "todosPage__TodosView-sc-2rfgk7-3",
            "isStatic": true,
            "rules": Array [
              "grid-area:todos-view;display:grid;width:95%;height:90%;justify-self:center;align-self:start;grid-row-gap:10px;grid-template-columns:10% 70% 20%;grid-template-rows:10% 90%;grid-template-areas:\\"filterButton sort-btn sort-btn\\" \\"listArea listArea listArea\\";background-color:#fcfcfc;",
            ],
          },
          "displayName": "todosPage__TodosView",
          "foldedComponentIds": Array [],
          "render": [Function],
          "styledComponentId": "todosPage__TodosView-sc-2rfgk7-3",
          "target": "div",
          "toString": [Function],
          "warnTooManyClasses": [Function],
          "withComponent": [Function],
        },
      },
    ],
    "type": Object {
      "$$typeof": Symbol(react.forward_ref),
      "attrs": Array [],
      "componentStyle": ComponentStyle {
        "componentId": "todosPage__TodosContainer-sc-2rfgk7-0",
        "isStatic": true,
        "rules": Array [
          "width:100%;height:100vh;display:grid;grid-template-columns:10% 70% 20%;grid-template-rows:10% 90%;grid-row-gap:5%;grid-template-areas:\\"tool-bar tool-bar tool-bar\\" \\"todos-view todos-view todos-view\\";background-color:#d8d8d8;",
        ],
      },
      "displayName": "todosPage__TodosContainer",
      "foldedComponentIds": Array [],
      "render": [Function],
      "styledComponentId": "todosPage__TodosContainer-sc-2rfgk7-0",
      "target": "div",
      "toString": [Function],
      "warnTooManyClasses": [Function],
      "withComponent": [Function],
    },
  },
  Symbol(enzyme.__nodes__): Array [
    Object {
      "instance": null,
      "key": undefined,
      "nodeType": "function",
      "props": Object {
        "children": Array [
          <ForwardRef>
            <ForwardRef />
          </ForwardRef>,
          <ForwardRef>
            <ForwardRef>
              <FilterButton
                onClick={[Function]}
              />
              <Connect(FilterPanel)
                onHidden={[Function]}
                show={false}
              />
            </ForwardRef>
            <ForwardRef>
              <Connect(TodoList) />
            </ForwardRef>
            <ForwardRef
              style={
                Object {
                  "display": "inline",
                }
              }
            />
          </ForwardRef>,
        ],
      },
      "ref": null,
      "rendered": Array [
        Object {
          "instance": null,
          "key": undefined,
          "nodeType": "function",
          "props": Object {
            "children": <ForwardRef />,
          },
          "ref": null,
          "rendered": Object {
            "instance": null,
            "key": undefined,
            "nodeType": "function",
            "props": Object {},
            "ref": null,
            "rendered": null,
            "type": Object {
              "$$typeof": Symbol(react.forward_ref),
              "attrs": Array [],
              "componentStyle": ComponentStyle {
                "componentId": "todosPage__AddEventToolButton-sc-2rfgk7-1",
                "isStatic": true,
                "rules": Array [
                  "align-self:center;margin-right:10px;",
                ],
              },
              "displayName": "todosPage__AddEventToolButton",
              "foldedComponentIds": Array [],
              "render": [Function],
              "styledComponentId": "todosPage__AddEventToolButton-sc-2rfgk7-1",
              "target": [Function],
              "toString": [Function],
              "warnTooManyClasses": [Function],
              "withComponent": [Function],
              Symbol(Symbol.hasInstance): [Function],
            },
          },
          "type": Object {
            "$$typeof": Symbol(react.forward_ref),
            "attrs": Array [],
            "componentStyle": ComponentStyle {
              "componentId": "todosPage__ToolBar-sc-2rfgk7-2",
              "isStatic": true,
              "rules": Array [
                "grid-area:tool-bar;display:flex;justify-content:flex-end;background-color:#fcfcfc;box-shadow:0px 5px 15px #a5a5a5;",
              ],
            },
            "displayName": "todosPage__ToolBar",
            "foldedComponentIds": Array [],
            "render": [Function],
            "styledComponentId": "todosPage__ToolBar-sc-2rfgk7-2",
            "target": "div",
            "toString": [Function],
            "warnTooManyClasses": [Function],
            "withComponent": [Function],
          },
        },
        Object {
          "instance": null,
          "key": undefined,
          "nodeType": "function",
          "props": Object {
            "children": Array [
              <ForwardRef>
                <FilterButton
                  onClick={[Function]}
                />
                <Connect(FilterPanel)
                  onHidden={[Function]}
                  show={false}
                />
              </ForwardRef>,
              <ForwardRef>
                <Connect(TodoList) />
              </ForwardRef>,
              <ForwardRef
                style={
                  Object {
                    "display": "inline",
                  }
                }
              />,
            ],
          },
          "ref": null,
          "rendered": Array [
            Object {
              "instance": null,
              "key": undefined,
              "nodeType": "function",
              "props": Object {
                "children": Array [
                  <FilterButton
                    onClick={[Function]}
                  />,
                  <Connect(FilterPanel)
                    onHidden={[Function]}
                    show={false}
                  />,
                ],
              },
              "ref": null,
              "rendered": Array [
                Object {
                  "instance": null,
                  "key": undefined,
                  "nodeType": "class",
                  "props": Object {
                    "onClick": [Function],
                  },
                  "ref": null,
                  "rendered": null,
                  "type": [Function],
                },
                Object {
                  "instance": null,
                  "key": undefined,
                  "nodeType": "class",
                  "props": Object {
                    "onHidden": [Function],
                    "show": false,
                  },
                  "ref": null,
                  "rendered": null,
                  "type": [Function],
                },
              ],
              "type": Object {
                "$$typeof": Symbol(react.forward_ref),
                "attrs": Array [],
                "componentStyle": ComponentStyle {
                  "componentId": "todosPage__FilterButtonDiv-sc-2rfgk7-4",
                  "isStatic": true,
                  "rules": Array [
                    "grid-area:filterButton;align-self:end;margin-left:10px;",
                  ],
                },
                "displayName": "todosPage__FilterButtonDiv",
                "foldedComponentIds": Array [],
                "render": [Function],
                "styledComponentId": "todosPage__FilterButtonDiv-sc-2rfgk7-4",
                "target": "div",
                "toString": [Function],
                "warnTooManyClasses": [Function],
                "withComponent": [Function],
              },
            },
            Object {
              "instance": null,
              "key": undefined,
              "nodeType": "function",
              "props": Object {
                "children": <Connect(TodoList) />,
              },
              "ref": null,
              "rendered": Object {
                "instance": null,
                "key": undefined,
                "nodeType": "class",
                "props": Object {},
                "ref": null,
                "rendered": null,
                "type": [Function],
              },
              "type": Object {
                "$$typeof": Symbol(react.forward_ref),
                "attrs": Array [],
                "componentStyle": ComponentStyle {
                  "componentId": "todosPage__TodoListDiv-sc-2rfgk7-5",
                  "isStatic": true,
                  "rules": Array [
                    "grid-area:listArea;",
                  ],
                },
                "displayName": "todosPage__TodoListDiv",
                "foldedComponentIds": Array [],
                "render": [Function],
                "styledComponentId": "todosPage__TodoListDiv-sc-2rfgk7-5",
                "target": "div",
                "toString": [Function],
                "warnTooManyClasses": [Function],
                "withComponent": [Function],
              },
            },
            Object {
              "instance": null,
              "key": undefined,
              "nodeType": "function",
              "props": Object {
                "style": Object {
                  "display": "inline",
                },
              },
              "ref": null,
              "rendered": null,
              "type": Object {
                "$$typeof": Symbol(react.forward_ref),
                "WrappedComponent": [Function],
                "attrs": Array [],
                "componentStyle": ComponentStyle {
                  "componentId": "todosPage__SortButtonDiv-sc-2rfgk7-6",
                  "isStatic": true,
                  "rules": Array [
                    "grid-area:sort-btn;justify-self:end;align-self:end;margin-right:10px;",
                  ],
                },
                "displayName": "todosPage__SortButtonDiv",
                "foldedComponentIds": Array [],
                "render": [Function],
                "styledComponentId": "todosPage__SortButtonDiv-sc-2rfgk7-6",
                "target": [Function],
                "toString": [Function],
                "warnTooManyClasses": [Function],
                "withComponent": [Function],
                Symbol(Symbol.hasInstance): [Function],
              },
            },
          ],
          "type": Object {
            "$$typeof": Symbol(react.forward_ref),
            "attrs": Array [],
            "componentStyle": ComponentStyle {
              "componentId": "todosPage__TodosView-sc-2rfgk7-3",
              "isStatic": true,
              "rules": Array [
                "grid-area:todos-view;display:grid;width:95%;height:90%;justify-self:center;align-self:start;grid-row-gap:10px;grid-template-columns:10% 70% 20%;grid-template-rows:10% 90%;grid-template-areas:\\"filterButton sort-btn sort-btn\\" \\"listArea listArea listArea\\";background-color:#fcfcfc;",
              ],
            },
            "displayName": "todosPage__TodosView",
            "foldedComponentIds": Array [],
            "render": [Function],
            "styledComponentId": "todosPage__TodosView-sc-2rfgk7-3",
            "target": "div",
            "toString": [Function],
            "warnTooManyClasses": [Function],
            "withComponent": [Function],
          },
        },
      ],
      "type": Object {
        "$$typeof": Symbol(react.forward_ref),
        "attrs": Array [],
        "componentStyle": ComponentStyle {
          "componentId": "todosPage__TodosContainer-sc-2rfgk7-0",
          "isStatic": true,
          "rules": Array [
            "width:100%;height:100vh;display:grid;grid-template-columns:10% 70% 20%;grid-template-rows:10% 90%;grid-row-gap:5%;grid-template-areas:\\"tool-bar tool-bar tool-bar\\" \\"todos-view todos-view todos-view\\";background-color:#d8d8d8;",
          ],
        },
        "displayName": "todosPage__TodosContainer",
        "foldedComponentIds": Array [],
        "render": [Function],
        "styledComponentId": "todosPage__TodosContainer-sc-2rfgk7-0",
        "target": "div",
        "toString": [Function],
        "warnTooManyClasses": [Function],
        "withComponent": [Function],
      },
    },
  ],
  Symbol(enzyme.__options__): Object {
    "adapter": ReactSixteenAdapter {
      "options": Object {
        "enableComponentDidUpdateOnSetState": true,
        "lifecycles": Object {
          "componentDidUpdate": Object {
            "onSetState": true,
          },
          "getDerivedStateFromProps": true,
          "getSnapshotBeforeUpdate": true,
          "setState": Object {
            "skipsComponentDidUpdateOnNullish": true,
          },
        },
      },
    },
  },
}
`;
